IMU.c:63:9:LSM9DS1_ReadReg	24	static
IMU.c:79:6:LSM9DS1_WriteReg	16	static
IMU.c:94:6:LSM9DS1_Init	24	static
IMU.c:114:9:MPU_begin	24	static
IMU.c:147:6:MPU_CS	16	static
IMU.c:151:9:SPIx_WriteRead	32	static
IMU.c:161:6:MPU_SPI_Write	16	static
IMU.c:172:6:MPU_SPI_Read	24	static
IMU.c:182:6:writeRegister	16	static
IMU.c:188:6:readRegisters	16	static
IMU.c:193:9:whoAmI	8	static
IMU.c:202:6:MPU6500_SetDLPFBandwidth	16	static
IMU.c:211:6:MPU_writeAccFullScaleRange	24	static
IMU.c:250:6:MPU_writeGyroFullScaleRange	24	static
IMU.c:285:9:MPU6500_ReadReg	24	static
IMU.c:296:6:MPU6500_GetData	16	static
IMU.c:319:6:MPU_calibrateGyro	40	static
IMU.c:349:6:MPU_readProcessedData	16	static
IMU.c:383:6:MPU_calcAttitude	128	static
IMU.c:447:6:MagRead	64	static
IMU.c:495:6:IMU_Setup	8	static
IMU.c:517:6:IMU_Data	8	static
IMU.c:545:6:HK_IMU	8	static
